 AS V1.42 Beta [Bld 222] - Source File tib_cc.asm - Page 1 - 06/08/2022 05:09:25 PM


       1/       0 :                     ; 'Error' program - early terminal input buffer (TIB)
       2/       0 :                     ; Wed  8 Jun 13:57:21 UTC 2022
       3/       0 :                     
       4/       0 :                     ; TESTED: 175010o EXAMINE, RUN hit the high trap
       5/       0 :                     
       6/       0 :                     boundary:
       7/    1400 :                     	ORG	1400o ; reserve 768 bytes
       8/    1400 : 001                 	DB	1o
       9/    1401 :                     
      10/    1401 :                     ; Start address: 2000
      11/    1401 :                     
      12/    2000 :                     	ORG	2000o
      13/    2000 : 061 000 372         START:	LXI SP,	SP_H
      14/    2003 : 303 020 004         	JMP run
      15/    2006 : 000                         NOP
      16/    2007 : 000                         NOP
      17/    2010 : 000                         NOP
      18/    2011 : 000                         NOP
      19/    2012 : 072 017 000         	LDA	017o
      20/    2015 : 000                         NOP
      21/    2016 : 000                         NOP
      22/    2017 : 000                         NOP
      23/    2020 :                     
      24/    2020 :                     run: ; THERE
      25/    2020 :                     
      26/    2020 :                     .loop
      27/    2020 : 315 026 004         	CALL	KEY
      28/    2023 : 303 020 004         	JMP	.loop
      29/    2026 :                     KEY:
      30/    2026 : 333 000             	IN	000
      31/    2030 : 346 001             	ANI	001
      32/    2032 : 302 026 004         	JNZ	KEY
      33/    2035 : 333 001             	IN	001
      34/    2037 : 323 001             	OUT	001
      35/    2041 : 000                 	NOP
      36/    2042 : 000                 	NOP
      37/    2043 : 000                 	NOP
      38/    2044 :                     	; JMP	trapped ; test
      39/    2044 :                     
      40/    2044 :                     	; LDA	BYTES
      41/    2044 : 072 303 003         	LDA	BYAD	; 040o
      42/    2047 : 323 001             	OUT	001
      43/    2051 : 072 303 003         	LDA	BYAD
      44/    2054 : 323 001             	OUT	001
      45/    2056 : 072 303 003         	LDA	BYAD
      46/    2061 : 323 001             	OUT	001
      47/    2063 :                     
      48/    2063 : 072 300 003         	LDA	BYAA	; 105o
      49/    2066 : 323 001             	OUT	001
      50/    2070 : 072 301 003         	LDA	BYAB    ; 162o
      51/    2073 : 323 001             	OUT	001
      52/    2075 : 072 301 003         	LDA	BYAB
      53/    2100 : 323 001             	OUT	001
      54/    2102 : 072 302 003         	LDA	BYAC	; 157o
      55/    2105 : 323 001             	OUT	001
      56/    2107 : 072 301 003         	LDA	BYAB
      57/    2112 : 323 001             	OUT	001
      58/    2114 : 072 303 003         	LDA	BYAD
      59/    2117 : 323 001             	OUT	001
      60/    2121 : 072 303 003         	LDA	BYAD
 AS V1.42 Beta [Bld 222] - Source File tib_cc.asm - Page 2 - 06/08/2022 05:09:25 PM


      61/    2124 : 323 001             	OUT	001
      62/    2126 : 315 132 004         	CALL	WAIT	; finite delay added here
      63/    2131 : 311                 	RET
      64/    2132 :                     
      65/    2132 :                     WAIT:
      66/    2132 : 036 000             	MVI E,	000o
      67/    2134 : 026 150             	MVI D,	150o
      68/    2136 :                     REENT:
      69/    2136 : 035                 	DCR E
      70/    2137 : 302 136 004         	JNZ REENT
      71/    2142 : 025                 	DCR D
      72/    2143 : 302 136 004         	JNZ REENT
      73/    2146 : 311                 	RET
      74/    2147 :                     
      75/    2147 :                     
      76/    2147 :                     ; odd.sh
      77/    2147 :                     ; echo -n "${1}" | od -b -An
      78/    2147 :                     
      79/    2147 : 040 040 040 040     	DB	040o, 040o, 040o, 040o, 040o, 040o
             2153 : 040 040         
      80/    2155 :                     
      81/    2155 :                     ;  git $  odd 'Wed  8 Jun 17:07:41 UTC 2022'
      82/    2155 : 127 145 144 040     	DB	127o, 145o, 144o, 040o, 040o, 070o, 040o, 112o, 165o, 156o, 040o, 061o, 067o, 072o, 060o, 067o
             2161 : 040 070 040 112 
             2165 : 165 156 040 061 
             2171 : 067 072 060 067 
      83/    2175 : 072 064 061 040     	DB	072o, 064o, 061o, 040o, 125o, 124o, 103o, 040o, 062o, 060o, 062o, 062o
             2201 : 125 124 103 040 
             2205 : 062 060 062 062 
      84/    2211 :                     
      85/    2211 :                     
      86/    2211 :                     ; old:
      87/    2211 :                     ;  git $  odd 'Wed  8 Jun 16:19:49 UTC 2022'
      88/    2211 :                     	; DB	127o, 145o, 144o, 040o, 040o, 070o, 040o, 112o, 165o, 156o, 040o, 061o, 066o, 072o, 061o, 071o
      89/    2211 :                     	; DB	072o, 064o, 071o, 040o, 125o, 124o, 103o, 040o, 062o, 060o, 062o, 062o
      90/    2211 :                     
      91/    2211 :                     
      92/    2211 :                     ; variables in higher low-memory - stale comment
      93/    2211 :                     
      94/    1640 :                     	ORG	1640o
      95/    1640 : 163 164 165 166     TIB:	DB	163o, 164o, 165o, 166o, 167o, 170o, 171o
             1644 : 167 170 171     
      96/    1647 : 172 173 174 175             DB	172o, 173o, 174o, 175o, 176o, 177o, 200o
             1653 : 176 177 200     
      97/    1656 : 163 164 165 166     	DB	163o, 164o, 165o, 166o, 167o, 170o, 171o
             1662 : 167 170 171     
      98/    1665 : 172 173 174 175             DB	172o, 173o, 174o, 175o, 176o, 177o, 200o
             1671 : 176 177 200     
      99/    1674 :                     
     100/    1674 :                     ; BYTES:	DB	105o, 162o, 162o, 157o, 162o, 040o, 040o, 040o ;  Error    ........
     101/    1674 :                     ; spell it BYAA BYAB BYAB BYAC BYAB BYAD BYAD BYAD
     102/    1674 :                     
     103/    1700 :                     	ORG	1700o
     104/    1700 : 105                 BYAA:	DB	105o
     105/    1701 : 162                 BYAB:	DB	162o
     106/    1702 : 157                 BYAC:	DB	157o
     107/    1703 : 040                 BYAD:	DB	040o
     108/    1704 :                     
     109/  175000 :                     	ORG	175000o
     110/  175000 :                     ; SP_H:	DB	317o
 AS V1.42 Beta [Bld 222] - Source File tib_cc.asm - Page 3 - 06/08/2022 05:09:25 PM


     111/  175000 : 000                 SP_H:	DB	0o
     112/  175001 :                     
     113/  175001 :                     ; error trap
     114/  175400 :                     	ORG	175400o ; act as soon as possible
     115/  175400 :                     
     116/  175400 : 000                         NOP
     117/  175401 : 000                         NOP
     118/  175402 : 000                         NOP
     119/  175403 : 000                         NOP
     120/  175404 :                     
     121/  175404 : 000                         NOP
     122/  175405 : 000                         NOP
     123/  175406 : 000                         NOP
     124/  175407 : 000                         NOP
     125/  175410 :                     
     126/  175410 :                     trapped:
     127/  175410 : 303 030 373         	JMP	err_hi
     128/  175413 :                     
     129/  175413 :                     waiting:
     130/  175413 : 036 000             	MVI E,	000o
     131/  175415 : 026 150             	MVI D,	150o
     132/  175417 :                     reentry:
     133/  175417 : 035                 	DCR E
     134/  175420 : 302 017 373         	JNZ reentry
     135/  175423 : 025                 	DCR D
     136/  175424 : 302 017 373         	JNZ reentry
     137/  175427 : 311                 	RET
     138/  175430 :                     
     139/  175430 :                     err_hi:
     140/  175430 : 000                 	NOP
     141/  175431 : 000                 	NOP
     142/  175432 :                     hold:
     143/  175432 : 000                 	NOP
     144/  175433 : 000                 	NOP
     145/  175434 :                     
     146/  175434 : 072 306 373         	LDA	BYHD	; 040o
     147/  175437 : 323 001             	OUT	001
     148/  175441 :                     
     149/  175441 : 072 306 373         	LDA	BYHD
     150/  175444 : 323 001             	OUT	001
     151/  175446 :                     
     152/  175446 : 072 303 373         	LDA	BYHA	; 105o 'E'
     153/  175451 : 323 001             	OUT	001
     154/  175453 :                     
     155/  175453 : 072 304 373         	LDA	BYHB    ; 162o 'r'
     156/  175456 : 323 001             	OUT	001
     157/  175460 :                     
     158/  175460 : 072 304 373         	LDA	BYHB
     159/  175463 : 323 001             	OUT	001
     160/  175465 :                     
     161/  175465 : 072 305 373         	LDA	BYHC	; 157o 'o'
     162/  175470 : 323 001             	OUT	001
     163/  175472 :                     
     164/  175472 : 072 304 373         	LDA	BYHB    ; 'Error' to here
     165/  175475 : 323 001             	OUT	001
     166/  175477 :                     
     167/  175477 : 072 306 373         	LDA	BYHD
     168/  175502 : 323 001             	OUT	001
     169/  175504 :                     
     170/  175504 :                     
 AS V1.42 Beta [Bld 222] - Source File tib_cc.asm - Page 4 - 06/08/2022 05:09:25 PM


     171/  175504 : 072 307 373         	LDA	BYHE	; '-'
     172/  175507 : 323 001             	OUT	001
     173/  175511 :                     
     174/  175511 : 072 306 373         	LDA	BYHD
     175/  175514 : 323 001             	OUT	001
     176/  175516 :                     
     177/  175516 : 072 310 373         	LDA	BYHF	; 'H'
     178/  175521 : 323 001             	OUT	001
     179/  175523 :                     
     180/  175523 : 072 311 373         	LDA	BYHG	; 'I'
     181/  175526 : 323 001             	OUT	001
     182/  175530 :                     
     183/  175530 : 072 312 373         	LDA	BYHH	; 'G'
     184/  175533 : 323 001             	OUT	001
     185/  175535 :                     
     186/  175535 : 072 310 373         	LDA	BYHF	; 'H'
     187/  175540 : 323 001             	OUT	001
     188/  175542 :                     
     189/  175542 : 072 306 373         	LDA	BYHD    ; ' '
     190/  175545 : 323 001             	OUT	001
     191/  175547 :                     
     192/  175547 : 072 313 373         	LDA	BYHI    ; 'T'
     193/  175552 : 323 001             	OUT	001
     194/  175554 :                     
     195/  175554 : 072 314 373         	LDA	BYHJ    ; 'R'
     196/  175557 : 323 001             	OUT	001
     197/  175561 :                     
     198/  175561 : 072 315 373         	LDA	BYHK    ; 'A'
     199/  175564 : 323 001             	OUT	001
     200/  175566 :                     
     201/  175566 : 072 316 373         	LDA	BYHL    ; 'P'
     202/  175571 : 323 001             	OUT	001
     203/  175573 :                     
     204/  175573 : 072 306 373         	LDA	BYHD    ; ' '
     205/  175576 : 323 001             	OUT	001
     206/  175600 :                     
     207/  175600 : 072 306 373         	LDA	BYHD    ; ' '
     208/  175603 : 323 001             	OUT	001
     209/  175605 :                     
     210/  175605 : 000                 	NOP
     211/  175606 : 000                 	NOP
     212/  175607 : 000                 	NOP
     213/  175610 : 000                 	NOP
     214/  175611 :                     
     215/  175611 : 315 013 373         	CALL	waiting ; finite delay added here
     216/  175614 : 315 013 373         	CALL	waiting
     217/  175617 : 315 013 373         	CALL	waiting
     218/  175622 : 315 013 373         	CALL	waiting
     219/  175625 : 315 013 373         	CALL	waiting
     220/  175630 : 315 013 373         	CALL	waiting
     221/  175633 : 315 013 373         	CALL	waiting
     222/  175636 : 315 013 373         	CALL	waiting
     223/  175641 : 315 013 373         	CALL	waiting
     224/  175644 : 315 013 373         	CALL	waiting
     225/  175647 : 315 013 373         	CALL	waiting
     226/  175652 : 315 013 373         	CALL	waiting
     227/  175655 : 315 013 373         	CALL	waiting
     228/  175660 : 315 013 373         	CALL	waiting
     229/  175663 : 315 013 373         	CALL	waiting
     230/  175666 : 315 013 373         	CALL	waiting
 AS V1.42 Beta [Bld 222] - Source File tib_cc.asm - Page 5 - 06/08/2022 05:09:25 PM


     231/  175671 : 315 013 373         	CALL	waiting
     232/  175674 : 303 032 373         	JMP	hold
     233/  175677 : 000                 	NOP
     234/  175700 : 000                 	NOP
     235/  175701 : 000                 	NOP
     236/  175702 : 000                 	NOP
     237/  175703 :                     
     238/  175703 : 105                 BYHA:	DB	105o ; 'E'
     239/  175704 : 162                 BYHB:	DB	162o ; 'r'
     240/  175705 : 157                 BYHC:	DB	157o ; 'o'
     241/  175706 : 040                 BYHD:	DB	040o ; ' '
     242/  175707 : 055                 BYHE:	DB	055o ; '-'
     243/  175710 : 110                 BYHF:	DB	110o ; 'H'
     244/  175711 : 111                 BYHG:	DB	111o ; 'I'
     245/  175712 : 107                 BYHH:	DB	107o ; 'G'
     246/  175713 : 124                 BYHI:	DB	124o ; 'T'
     247/  175714 : 122                 BYHJ:	DB	122o ; 'R'
     248/  175715 : 101                 BYHK:	DB	101o ; 'A'
     249/  175716 : 120                 BYHL:   DB	120o ; 'P'
     250/  175717 :                     	END
 AS V1.42 Beta [Bld 222] - Source File tib_cc.asm - Page 6 - 06/08/2022 05:09:25 PM


  Symbol Table (* = unused):
  --------------------------

*ARCHITECTURE :                                      "x86_64-unknown-linux" - |
*BOUNDARY :                       0 C |  BYAA :                        1700 C |
 BYAB :                        1701 C |  BYAC :                        1702 C |
 BYAD :                        1703 C |  BYHA :                      175703 C |
 BYHB :                      175704 C |  BYHC :                      175705 C |
 BYHD :                      175706 C |  BYHE :                      175707 C |
 BYHF :                      175710 C |  BYHG :                      175711 C |
 BYHH :                      175712 C |  BYHI :                      175713 C |
 BYHJ :                      175714 C |  BYHK :                      175715 C |
 BYHL :                      175716 C | *CASESENSITIVE :                  0 - |
*COMPMODE :                       0 - | *CONSTPI :        3.141592653589793 - |
*DATE :                "06/08/2022" - |  ERR_HI :                    175430 C |
*FALSE :                          0 - | *HAS64 :                          1 - |
 HOLD :                      175432 C |  KEY :                         2026 C |
*LISTON :                         1 - | *MACEXP :                         7 - |
*MOMCPU :                    100200 - | *MOMCPUNAME :                "8080" - |
*NESTMAX :                      400 - |  REENT :                       2136 C |
 REENTRY :                   175417 C | *RELAXED :                        0 - |
 RUN :                         2020 C |  RUN.LOOP :                    2020 C |
 SP_H :                      175000 C | *START :                       2000 C |
*TIB :                         1640 C | *TIME :               "05:09:25 PM" - |
*TRAPPED :                   175410 C | *TRUE :                           1 - |
*VERSION :                    12057 - |  WAIT :                        2132 C |
 WAITING :                   175413 C | *Z80SYNTAX :                      0 - |

     47 symbols
     21 unused symbols

 AS V1.42 Beta [Bld 222] - Source File tib_cc.asm - Page 7 - 06/08/2022 05:09:25 PM


  Code Pages:
  ----------

STANDARD (0 changed characters)

1 code page

0.00 seconds assembly time

    299 lines source file
      2 passes
      0 errors
      0 warnings
