 AS V1.42 Beta [Bld 222] - Source File tib_cc.asm - Page 1 - 06/08/2022 02:36:43 PM


       1/       0 :                     ; 'Error' program - early terminal input buffer (TIB)
       2/       0 :                     ; Wed  8 Jun 13:57:21 UTC 2022
       3/       0 :                     
       4/       0 :                     boundary:
       5/    1400 :                     	ORG	1400o ; reserve 768 bytes
       6/    1400 : 001                 	DB	1o
       7/    1401 :                     
       8/    1401 :                     ; Start address: 2000
       9/    1401 :                     
      10/    2000 :                     	ORG	2000o
      11/    2000 :                     
      12/    2000 : 061 000 374         START:	LXI SP,	SP_H
      13/    2003 : 303 020 004         	JMP run
      14/    2006 : 000                         NOP
      15/    2007 : 000                         NOP
      16/    2010 : 000                         NOP
      17/    2011 : 000                         NOP
      18/    2012 : 072 017 000         	LDA	017o
      19/    2015 : 000                         NOP
      20/    2016 : 000                         NOP
      21/    2017 : 000                         NOP
      22/    2020 :                     
      23/    2020 :                     	; ORG	3300o
      24/    2020 :                     run: ; THERE
      25/    2020 :                     
      26/    2020 :                     .loop
      27/    2020 : 315 026 004         	CALL	KEY
      28/    2023 : 303 020 004         	JMP	.loop
      29/    2026 :                     KEY:
      30/    2026 : 333 000             	IN	000
      31/    2030 : 346 001             	ANI	001
      32/    2032 : 302 026 004         	JNZ	KEY
      33/    2035 : 333 001             	IN	001
      34/    2037 : 323 001             	OUT	001
      35/    2041 : 000                 	NOP
      36/    2042 : 000                 	NOP
      37/    2043 : 000                 	NOP
      38/    2044 :                     	; LDA	BYTES
      39/    2044 : 072 303 003         	LDA	BYAD	; 040o
      40/    2047 : 323 001             	OUT	001
      41/    2051 : 072 303 003         	LDA	BYAD
      42/    2054 : 323 001             	OUT	001
      43/    2056 : 072 303 003         	LDA	BYAD
      44/    2061 : 323 001             	OUT	001
      45/    2063 :                     
      46/    2063 : 072 300 003         	LDA	BYAA	; 105o
      47/    2066 : 323 001             	OUT	001
      48/    2070 : 072 301 003         	LDA	BYAB    ; 162o
      49/    2073 : 323 001             	OUT	001
      50/    2075 : 072 301 003         	LDA	BYAB
      51/    2100 : 323 001             	OUT	001
      52/    2102 : 072 302 003         	LDA	BYAC	; 157o
      53/    2105 : 323 001             	OUT	001
      54/    2107 : 072 301 003         	LDA	BYAB
      55/    2112 : 323 001             	OUT	001
      56/    2114 : 072 303 003         	LDA	BYAD
      57/    2117 : 323 001             	OUT	001
      58/    2121 : 072 303 003         	LDA	BYAD
      59/    2124 : 323 001             	OUT	001
      60/    2126 : 315 132 004         	CALL	WAIT	; finite delay added here
 AS V1.42 Beta [Bld 222] - Source File tib_cc.asm - Page 2 - 06/08/2022 02:36:43 PM


      61/    2131 : 311                 	RET
      62/    2132 :                     
      63/    2132 :                     WAIT:
      64/    2132 : 036 000             	MVI E,	000o
      65/    2134 : 026 150             	MVI D,	150o
      66/    2136 :                     REENT:
      67/    2136 : 035                 	DCR E
      68/    2137 : 302 136 004         	JNZ REENT
      69/    2142 : 025                 	DCR D
      70/    2143 : 302 136 004         	JNZ REENT
      71/    2146 : 311                 	RET
      72/    2147 :                     
      73/    2147 :                     
      74/    2147 :                     ; odd.sh
      75/    2147 :                     ; echo -n "${1}" | od -b -An
      76/    2147 :                     
      77/    2147 :                     ;  $  odd 'Wed  8 Jun 14:28:40 UTC 2022'
      78/    2147 :                     ; 127 145 144 040 040 070 040 112 165 156 040 061 064 072 062 070
      79/    2147 :                     ; 072 064 060 040 125 124 103 040 062 060 062 062
      80/    2147 :                     
      81/    2147 : 040 040 040 040     	DB	040o, 040o, 040o, 040o, 040o, 040o
             2153 : 040 040         
      82/    2155 : 127 145 144 040     	DB	127o, 145o, 144o, 040o, 040o, 070o, 040o, 112o, 165o, 156o, 040o, 061o, 064o, 072o, 062o, 070o
             2161 : 040 070 040 112 
             2165 : 165 156 040 061 
             2171 : 064 072 062 070 
      83/    2175 : 072 064 060 040     	DB	072o, 064o, 060o, 040o, 125o, 124o, 103o, 040o, 062o, 060o, 062o, 062o
             2201 : 125 124 103 040 
             2205 : 062 060 062 062 
      84/    2211 :                     
      85/    2211 :                     ; variables in higher low-memory - stale comment
      86/    2211 :                     
      87/    1640 :                     	ORG	1640o
      88/    1640 : 163 164 165 166     TIB:	DB	163o, 164o, 165o, 166o, 167o, 170o, 171o
             1644 : 167 170 171     
      89/    1647 : 172 173 174 175             DB	172o, 173o, 174o, 175o, 176o, 177o, 200o
             1653 : 176 177 200     
      90/    1656 : 163 164 165 166     	DB	163o, 164o, 165o, 166o, 167o, 170o, 171o
             1662 : 167 170 171     
      91/    1665 : 172 173 174 175             DB	172o, 173o, 174o, 175o, 176o, 177o, 200o
             1671 : 176 177 200     
      92/    1674 :                     
      93/    1674 :                     ; BYTES:	DB	105o, 162o, 162o, 157o, 162o, 040o, 040o, 040o ;  Error    ........
      94/    1674 :                     ; spell it BYAA BYAB BYAB BYAC BYAB BYAD BYAD BYAD
      95/    1674 :                     
      96/    1700 :                     	ORG	1700o
      97/    1700 : 105                 BYAA:	DB	105o
      98/    1701 : 162                 BYAB:	DB	162o
      99/    1702 : 157                 BYAC:	DB	157o
     100/    1703 : 040                 BYAD:	DB	040o
     101/    1704 :                     
     102/  176000 :                     	ORG	176000o
     103/  176000 : 000                 SP_H:	DB	0o
     104/  176001 :                     
     105/  176001 :                     	END
 AS V1.42 Beta [Bld 222] - Source File tib_cc.asm - Page 3 - 06/08/2022 02:36:43 PM


  Symbol Table (* = unused):
  --------------------------

*ARCHITECTURE :                                      "x86_64-unknown-linux" - |
*BOUNDARY :                       0 C |  BYAA :                        1700 C |
 BYAB :                        1701 C |  BYAC :                        1702 C |
 BYAD :                        1703 C | *CASESENSITIVE :                  0 - |
*COMPMODE :                       0 - | *CONSTPI :        3.141592653589793 - |
*DATE :                "06/08/2022" - | *FALSE :                          0 - |
*HAS64 :                          1 - |  KEY :                         2026 C |
*LISTON :                         1 - | *MACEXP :                         7 - |
*MOMCPU :                    100200 - | *MOMCPUNAME :                "8080" - |
*NESTMAX :                      400 - |  REENT :                       2136 C |
*RELAXED :                        0 - |  RUN :                         2020 C |
 RUN.LOOP :                    2020 C |  SP_H :                      176000 C |
*START :                       2000 C | *TIB :                         1640 C |
*TIME :               "02:36:43 PM" - | *TRUE :                           1 - |
*VERSION :                    12057 - |  WAIT :                        2132 C |
*Z80SYNTAX :                      0 - |

     30 symbols
     20 unused symbols

 AS V1.42 Beta [Bld 222] - Source File tib_cc.asm - Page 4 - 06/08/2022 02:36:43 PM


  Code Pages:
  ----------

STANDARD (0 changed characters)

1 code page

0.00 seconds assembly time

    130 lines source file
      2 passes
      0 errors
      0 warnings
